2026.03.06 12:13:13 INFO  Started: Metals version 1.6.6 in folders '/Users/vaskoyordanov/disaster-recovery-system' for client Cursor 1.105.1.
2026.03.06 12:13:13 INFO  Memory monitor started
2026.03.06 12:13:13 WARN  Using H2 2.4.240 which is newer than the version Flyway has been verified with. The latest verified version of H2 is 2.3.232.
2026.03.06 12:22:51 INFO  no build target found for /Users/vaskoyordanov/disaster-recovery-system/src/main/java/com/disasterrecovery/model/ReplayJobState.java. Using fallback presentation compiler.
2026.03.06 12:22:51 INFO  no build target found for /Users/vaskoyordanov/disaster-recovery-system/src/main/java/com/disasterrecovery/model/ReplayJobConfig.java. Using fallback presentation compiler.
2026.03.06 12:22:51 INFO  no build target found for /Users/vaskoyordanov/disaster-recovery-system/src/main/java/com/disasterrecovery/model/ReplayJobMetrics.java. Using fallback presentation compiler.
2026.03.06 12:22:51 INFO  no build target found for /Users/vaskoyordanov/disaster-recovery-system/src/main/java/com/disasterrecovery/model/ReplayDestinationType.java. Using fallback presentation compiler.
2026.03.06 12:22:51 INFO  no build target found for /Users/vaskoyordanov/disaster-recovery-system/src/main/java/com/disasterrecovery/model/SecurityEvent.java. Using fallback presentation compiler.
2026.03.06 12:22:51 INFO  no build target found for /Users/vaskoyordanov/disaster-recovery-system/src/main/java/com/disasterrecovery/api/dto/ReplayJobDetailResponse.java. Using fallback presentation compiler.
2026.03.06 12:22:51 INFO  no build target found for /Users/vaskoyordanov/disaster-recovery-system/src/main/java/com/disasterrecovery/api/dto/ReplayJobSummary.java. Using fallback presentation compiler.
2026.03.06 12:22:51 INFO  no build target found for /Users/vaskoyordanov/disaster-recovery-system/src/main/java/com/disasterrecovery/api/dto/ErrorResponse.java. Using fallback presentation compiler.
2026.03.06 12:22:51 INFO  no build target found for /Users/vaskoyordanov/disaster-recovery-system/src/main/java/com/disasterrecovery/api/dto/CreateReplayJobRequest.java. Using fallback presentation compiler.
2026.03.06 12:24:44 INFO  no build target found for /Users/vaskoyordanov/disaster-recovery-system/src/main/java/com/disasterrecovery/model/SecurityEvent.java. Using fallback presentation compiler.
2026.03.06 12:24:44 INFO  no build target found for /Users/vaskoyordanov/disaster-recovery-system/src/main/java/com/disasterrecovery/model/ReplayJobState.java. Using fallback presentation compiler.
2026.03.06 12:24:44 INFO  no build target found for /Users/vaskoyordanov/disaster-recovery-system/src/main/java/com/disasterrecovery/model/ReplayDestinationType.java. Using fallback presentation compiler.
2026.03.06 12:24:44 INFO  no build target found for /Users/vaskoyordanov/disaster-recovery-system/src/main/java/com/disasterrecovery/model/ReplayJobConfig.java. Using fallback presentation compiler.
2026.03.06 12:24:44 INFO  no build target found for /Users/vaskoyordanov/disaster-recovery-system/src/main/java/com/disasterrecovery/model/ReplayJobMetrics.java. Using fallback presentation compiler.
2026.03.06 12:24:44 INFO  no build target found for /Users/vaskoyordanov/disaster-recovery-system/src/main/java/com/disasterrecovery/api/dto/CreateReplayJobRequest.java. Using fallback presentation compiler.
2026.03.06 12:24:44 INFO  no build target found for /Users/vaskoyordanov/disaster-recovery-system/src/main/java/com/disasterrecovery/api/dto/ReplayJobSummary.java. Using fallback presentation compiler.
2026.03.06 12:24:44 INFO  no build target found for /Users/vaskoyordanov/disaster-recovery-system/src/main/java/com/disasterrecovery/api/dto/ReplayJobDetailResponse.java. Using fallback presentation compiler.
2026.03.06 12:24:44 INFO  no build target found for /Users/vaskoyordanov/disaster-recovery-system/src/main/java/com/disasterrecovery/api/dto/ErrorResponse.java. Using fallback presentation compiler.
2026.03.06 12:32:35 INFO  Shutting down server
2026.03.06 12:32:35 INFO  Memory monitor stopped
2026.03.06 12:32:35 INFO  shutting down Metals
2026.03.06 12:32:35 INFO  Exiting server
2026.03.06 12:32:35 ERROR Unexpected error initializing server: 
org.eclipse.lsp4j.jsonrpc.ResponseErrorException: Request window/showMessageRequest failed with message: Canceled
	at org.eclipse.lsp4j.jsonrpc.RemoteEndpoint.handleResponse(RemoteEndpoint.java:214)
	at org.eclipse.lsp4j.jsonrpc.RemoteEndpoint.consume(RemoteEndpoint.java:198)
	at org.eclipse.lsp4j.jsonrpc.json.StreamMessageProducer.handleMessage(StreamMessageProducer.java:189)
	at org.eclipse.lsp4j.jsonrpc.json.StreamMessageProducer.listen(StreamMessageProducer.java:97)
	at org.eclipse.lsp4j.jsonrpc.json.ConcurrentMessageProcessor.run(ConcurrentMessageProcessor.java:97)
	at java.util.concurrent.Executors$RunnableAdapter.call(Executors.java:572)
	at java.util.concurrent.FutureTask.run(FutureTask.java:317)
	at java.util.concurrent.ThreadPoolExecutor.runWorker(ThreadPoolExecutor.java:1144)
	at java.util.concurrent.ThreadPoolExecutor$Worker.run(ThreadPoolExecutor.java:642)
	at java.lang.Thread.run(Thread.java:1575)

